../USBPD/usbpd_dpm_user.c:149:21:USBPD_DPM_UserInit	4	static
../USBPD/usbpd_dpm_user.c:161:6:USBPD_DPM_WaitForTime	16	static
../USBPD/usbpd_dpm_user.c:172:6:USBPD_DPM_UserExecute	16	static
../USBPD/usbpd_dpm_user.c:188:6:USBPD_DPM_UserCableDetection	16	static
../USBPD/usbpd_dpm_user.c:225:6:USBPD_DPM_UserTimerCounter	16	static
../USBPD/usbpd_dpm_user.c:246:6:USBPD_DPM_Notification	16	static
../USBPD/usbpd_dpm_user.c:298:6:USBPD_DPM_HardReset	16	static
../USBPD/usbpd_dpm_user.c:313:6:USBPD_DPM_GetDataInfo	24	static
../USBPD/usbpd_dpm_user.c:352:6:USBPD_DPM_SetDataInfo	24	static
../USBPD/usbpd_dpm_user.c:397:6:USBPD_DPM_SNK_EvaluateCapabilities	24	static
../USBPD/usbpd_dpm_user.c:409:21:USBPD_DPM_EvaluateVconnSwap	24	static
../USBPD/usbpd_dpm_user.c:428:21:USBPD_DPM_PE_VconnPwr	16	static
../USBPD/usbpd_dpm_user.c:446:6:USBPD_DPM_ExtendedMessageReceived	16	static
../USBPD/usbpd_dpm_user.c:458:6:USBPD_DPM_EnterErrorRecovery	16	static
../USBPD/usbpd_dpm_user.c:475:21:USBPD_DPM_EvaluateDataRoleSwap	24	static
../USBPD/usbpd_dpm_user.c:497:23:USBPD_DPM_IsPowerReady	16	static
../USBPD/usbpd_dpm_user.c:517:21:USBPD_DPM_RequestHardReset	24	static
../USBPD/usbpd_dpm_user.c:531:21:USBPD_DPM_RequestCableReset	24	static
../USBPD/usbpd_dpm_user.c:543:21:USBPD_DPM_RequestGotoMin	24	static
../USBPD/usbpd_dpm_user.c:557:21:USBPD_DPM_RequestPing	24	static
../USBPD/usbpd_dpm_user.c:571:21:USBPD_DPM_RequestMessageRequest	24	static
../USBPD/usbpd_dpm_user.c:588:21:USBPD_DPM_RequestGetSourceCapability	24	static
../USBPD/usbpd_dpm_user.c:600:21:USBPD_DPM_RequestGetSinkCapability	24	static
../USBPD/usbpd_dpm_user.c:612:21:USBPD_DPM_RequestDataRoleSwap	24	static
../USBPD/usbpd_dpm_user.c:624:21:USBPD_DPM_RequestPowerRoleSwap	16	static
../USBPD/usbpd_dpm_user.c:635:21:USBPD_DPM_RequestVconnSwap	24	static
../USBPD/usbpd_dpm_user.c:648:21:USBPD_DPM_RequestSoftReset	24	static
../USBPD/usbpd_dpm_user.c:660:21:USBPD_DPM_RequestSourceCapability	24	static
../USBPD/usbpd_dpm_user.c:674:21:USBPD_DPM_RequestVDM_DiscoveryIdentify	24	static
../USBPD/usbpd_dpm_user.c:690:21:USBPD_DPM_RequestVDM_DiscoverySVID	16	static
../USBPD/usbpd_dpm_user.c:703:21:USBPD_DPM_RequestVDM_DiscoveryMode	16	static
../USBPD/usbpd_dpm_user.c:717:21:USBPD_DPM_RequestVDM_EnterMode	16	static
../USBPD/usbpd_dpm_user.c:731:21:USBPD_DPM_RequestVDM_ExitMode	16	static
../USBPD/usbpd_dpm_user.c:743:21:USBPD_DPM_RequestAlert	24	static
../USBPD/usbpd_dpm_user.c:755:21:USBPD_DPM_RequestGetSourceCapabilityExt	24	static
../USBPD/usbpd_dpm_user.c:767:21:USBPD_DPM_RequestGetSinkCapabilityExt	24	static
../USBPD/usbpd_dpm_user.c:781:21:USBPD_DPM_RequestGetManufacturerInfo	24	static
../USBPD/usbpd_dpm_user.c:793:21:USBPD_DPM_RequestGetPPS_Status	24	static
../USBPD/usbpd_dpm_user.c:805:21:USBPD_DPM_RequestGetStatus	24	static
../USBPD/usbpd_dpm_user.c:817:21:USBPD_DPM_RequestFastRoleSwap	24	static
../USBPD/usbpd_dpm_user.c:829:21:USBPD_DPM_RequestGetCountryCodes	24	static
../USBPD/usbpd_dpm_user.c:842:21:USBPD_DPM_RequestGetCountryInfo	24	static
../USBPD/usbpd_dpm_user.c:855:21:USBPD_DPM_RequestGetBatteryCapability	16	static
../USBPD/usbpd_dpm_user.c:867:21:USBPD_DPM_RequestGetBatteryStatus	16	static
../USBPD/usbpd_dpm_user.c:878:21:USBPD_DPM_RequestSecurityRequest	24	static
