../USBPD/usbpd_dpm_user.c:149:21:USBPD_DPM_UserInit	4	static
../USBPD/usbpd_dpm_user.c:161:6:USBPD_DPM_WaitForTime	16	static
../USBPD/usbpd_dpm_user.c:172:6:USBPD_DPM_UserExecute	16	static
../USBPD/usbpd_dpm_user.c:188:6:USBPD_DPM_UserCableDetection	16	static
../USBPD/usbpd_dpm_user.c:225:6:USBPD_DPM_UserTimerCounter	16	static
../USBPD/usbpd_dpm_user.c:246:6:USBPD_DPM_Notification	16	static
../USBPD/usbpd_dpm_user.c:298:6:USBPD_DPM_HardReset	16	static
../USBPD/usbpd_dpm_user.c:310:21:USBPD_DPM_SetupNewPower	16	static
../USBPD/usbpd_dpm_user.c:325:6:USBPD_DPM_GetDataInfo	24	static
../USBPD/usbpd_dpm_user.c:364:6:USBPD_DPM_SetDataInfo	24	static
../USBPD/usbpd_dpm_user.c:408:21:USBPD_DPM_EvaluateRequest	16	static
../USBPD/usbpd_dpm_user.c:429:21:USBPD_DPM_EvaluateVconnSwap	24	static
../USBPD/usbpd_dpm_user.c:448:21:USBPD_DPM_PE_VconnPwr	16	static
../USBPD/usbpd_dpm_user.c:466:6:USBPD_DPM_ExtendedMessageReceived	16	static
../USBPD/usbpd_dpm_user.c:478:6:USBPD_DPM_EnterErrorRecovery	16	static
../USBPD/usbpd_dpm_user.c:495:21:USBPD_DPM_EvaluateDataRoleSwap	24	static
../USBPD/usbpd_dpm_user.c:517:23:USBPD_DPM_IsPowerReady	16	static
../USBPD/usbpd_dpm_user.c:537:21:USBPD_DPM_RequestHardReset	24	static
../USBPD/usbpd_dpm_user.c:551:21:USBPD_DPM_RequestCableReset	24	static
../USBPD/usbpd_dpm_user.c:563:21:USBPD_DPM_RequestGotoMin	24	static
../USBPD/usbpd_dpm_user.c:577:21:USBPD_DPM_RequestPing	24	static
../USBPD/usbpd_dpm_user.c:591:21:USBPD_DPM_RequestMessageRequest	24	static
../USBPD/usbpd_dpm_user.c:608:21:USBPD_DPM_RequestGetSourceCapability	24	static
../USBPD/usbpd_dpm_user.c:620:21:USBPD_DPM_RequestGetSinkCapability	24	static
../USBPD/usbpd_dpm_user.c:632:21:USBPD_DPM_RequestDataRoleSwap	24	static
../USBPD/usbpd_dpm_user.c:644:21:USBPD_DPM_RequestPowerRoleSwap	16	static
../USBPD/usbpd_dpm_user.c:655:21:USBPD_DPM_RequestVconnSwap	24	static
../USBPD/usbpd_dpm_user.c:668:21:USBPD_DPM_RequestSoftReset	24	static
../USBPD/usbpd_dpm_user.c:680:21:USBPD_DPM_RequestSourceCapability	24	static
../USBPD/usbpd_dpm_user.c:694:21:USBPD_DPM_RequestVDM_DiscoveryIdentify	24	static
../USBPD/usbpd_dpm_user.c:710:21:USBPD_DPM_RequestVDM_DiscoverySVID	16	static
../USBPD/usbpd_dpm_user.c:723:21:USBPD_DPM_RequestVDM_DiscoveryMode	16	static
../USBPD/usbpd_dpm_user.c:737:21:USBPD_DPM_RequestVDM_EnterMode	16	static
../USBPD/usbpd_dpm_user.c:751:21:USBPD_DPM_RequestVDM_ExitMode	16	static
../USBPD/usbpd_dpm_user.c:763:21:USBPD_DPM_RequestAlert	24	static
../USBPD/usbpd_dpm_user.c:775:21:USBPD_DPM_RequestGetSourceCapabilityExt	24	static
../USBPD/usbpd_dpm_user.c:787:21:USBPD_DPM_RequestGetSinkCapabilityExt	16	static
../USBPD/usbpd_dpm_user.c:800:21:USBPD_DPM_RequestGetManufacturerInfo	24	static
../USBPD/usbpd_dpm_user.c:812:21:USBPD_DPM_RequestGetPPS_Status	24	static
../USBPD/usbpd_dpm_user.c:824:21:USBPD_DPM_RequestGetStatus	24	static
../USBPD/usbpd_dpm_user.c:836:21:USBPD_DPM_RequestFastRoleSwap	24	static
../USBPD/usbpd_dpm_user.c:848:21:USBPD_DPM_RequestGetCountryCodes	24	static
../USBPD/usbpd_dpm_user.c:861:21:USBPD_DPM_RequestGetCountryInfo	24	static
../USBPD/usbpd_dpm_user.c:874:21:USBPD_DPM_RequestGetBatteryCapability	16	static
../USBPD/usbpd_dpm_user.c:886:21:USBPD_DPM_RequestGetBatteryStatus	16	static
../USBPD/usbpd_dpm_user.c:897:21:USBPD_DPM_RequestSecurityRequest	24	static
