../Drivers/CMSIS/Include/core_cm4.h:1933:34:__NVIC_SystemReset	4	static,ignoring_inline_asm
../shell/shell.c:73:6:shell_init	8	static
../shell/shell.c:89:6:shell_run	24	static
../shell/shell.c:157:6:subfunct_help	40	static
../shell/shell.c:166:6:subfunct_clear	16	static
../shell/shell.c:169:6:subfunct_start	16	static
../shell/shell.c:198:6:subfunct_stop	16	static
../shell/shell.c:214:6:subfunct_speed	24	static
../shell/shell.c:232:6:subfunct_Iasserv	16	static
../shell/shell.c:239:6:subfunct_setLed	24	static
../shell/shell.c:284:6:subfunct_seeIMU	16	static
../shell/shell.c:292:6:subfunct_IMU_Update	24	static
../shell/shell.c:306:6:subfunct_IMU_SelfTest	24	static
../shell/shell.c:322:6:subfunct_IMU_GET	64	static
../shell/shell.c:336:6:subfunct_MIAOU	16	static
../shell/shell.c:339:6:subfunct_modify_calc_speed	40	static
../shell/shell.c:352:6:subfunct_lidar	16	static
../shell/shell.c:367:6:reset	16	static,ignoring_inline_asm
../shell/shell.c:375:6:debug	16	static
