../Drivers/CMSIS/Include/core_cm4.h:1933:34:__NVIC_SystemReset	4	static,ignoring_inline_asm
../shell/shell.c:74:6:shell_init	8	static
../shell/shell.c:91:6:shell_run	24	static
../shell/shell.c:159:6:subfunct_help	40	static
../shell/shell.c:168:6:subfunct_clear	16	static
../shell/shell.c:171:6:subfunct_start	16	static
../shell/shell.c:195:6:subfunct_stop	16	static
../shell/shell.c:211:6:subfunct_speed	24	static
../shell/shell.c:229:6:subfunct_angle	24	static
../shell/shell.c:248:6:subfunct_Iasserv	16	static
../shell/shell.c:255:6:subfunct_setLed	16	static
../shell/shell.c:263:6:subfunct_seeIMU	16	static
../shell/shell.c:271:6:subfunct_IMU_Update	24	static
../shell/shell.c:285:6:subfunct_IMU_SelfTest	24	static
../shell/shell.c:301:6:subfunct_IMU_GET	64	static
../shell/shell.c:315:6:subfunct_MIAOU	16	static
../shell/shell.c:320:6:subfunct_modify_calc_speed	40	static
../shell/shell.c:333:6:subfunct_lidar	16	static
../shell/shell.c:347:6:reset	16	static,ignoring_inline_asm
../shell/shell.c:355:6:debug	16	static
