../shell/shell.c:66:6:shell_init	8	static
../shell/shell.c:81:6:shell_run	24	static
../shell/shell.c:149:6:subfunct_help	40	static
../shell/shell.c:158:6:subfunct_start	16	static
../shell/shell.c:178:6:subfunct_stop	16	static
../shell/shell.c:190:6:subfunct_speed	24	static
../shell/shell.c:208:6:subfunct_Iasserv	16	static
../shell/shell.c:215:6:subfunct_setLed	24	static
../shell/shell.c:260:6:subfunct_seeIMU	16	static
../shell/shell.c:268:6:subfunct_IMU_Update	24	static
../shell/shell.c:282:6:subfunct_IMU_SelfTest	24	static
../shell/shell.c:298:6:subfunct_IMU_GET	88	static
../shell/shell.c:312:6:subfunct_MIAOU	16	static
../shell/shell.c:315:6:subfunct_clear	16	static
../shell/shell.c:323:6:debug	16	static
