../shell/shell.c:68:6:shell_init	8	static
../shell/shell.c:83:6:shell_run	24	static
../shell/shell.c:151:6:subfunct_help	40	static
../shell/shell.c:160:6:subfunct_clear	16	static
../shell/shell.c:163:6:subfunct_start	16	static
../shell/shell.c:186:6:subfunct_stop	16	static
../shell/shell.c:202:6:subfunct_speed	24	static
../shell/shell.c:220:6:subfunct_Iasserv	16	static
../shell/shell.c:227:6:subfunct_setLed	24	static
../shell/shell.c:272:6:subfunct_seeIMU	16	static
../shell/shell.c:280:6:subfunct_IMU_Update	24	static
../shell/shell.c:294:6:subfunct_IMU_SelfTest	24	static
../shell/shell.c:310:6:subfunct_IMU_GET	64	static
../shell/shell.c:324:6:subfunct_MIAOU	16	static
../shell/shell.c:327:6:subfunct_modify_calc_speed	40	static
../shell/shell.c:339:6:subfunct_lidar	16	static
../shell/shell.c:346:6:debug	16	static
