../Drivers/CMSIS/Include/core_cm4.h:1933:34:__NVIC_SystemReset	4	static,ignoring_inline_asm
../shell/shell.c:74:6:shell_init	8	static
../shell/shell.c:90:6:shell_run	24	static
../shell/shell.c:158:6:subfunct_help	40	static
../shell/shell.c:167:6:subfunct_clear	16	static
../shell/shell.c:170:6:subfunct_start	16	static
../shell/shell.c:201:6:subfunct_stop	16	static
../shell/shell.c:217:6:subfunct_speed	24	static
../shell/shell.c:235:6:subfunct_angle	24	static
../shell/shell.c:254:6:subfunct_Iasserv	16	static
../shell/shell.c:261:6:subfunct_setLed	24	static
../shell/shell.c:306:6:subfunct_seeIMU	16	static
../shell/shell.c:314:6:subfunct_IMU_Update	24	static
../shell/shell.c:328:6:subfunct_IMU_SelfTest	24	static
../shell/shell.c:344:6:subfunct_IMU_GET	64	static
../shell/shell.c:358:6:subfunct_MIAOU	16	static
../shell/shell.c:363:6:subfunct_modify_calc_speed	40	static
../shell/shell.c:376:6:subfunct_lidar	16	static
../shell/shell.c:391:6:reset	16	static,ignoring_inline_asm
../shell/shell.c:399:6:debug	16	static
