../shell/shellv2.c:65:6:shell_init	8	static
../shell/shellv2.c:80:6:shell_run	24	static
../shell/shellv2.c:149:6:subfunct_help	40	static
../shell/shellv2.c:158:6:subfunct_start	16	static
../shell/shellv2.c:173:6:subfunct_stop	16	static
../shell/shellv2.c:185:6:subfunct_speed	24	static
../shell/shellv2.c:196:6:subfunct_Iasserv	16	static
../shell/shellv2.c:201:6:subfunct_setLed	24	static
../shell/shellv2.c:246:6:subfunct_seeIMU	16	static
../shell/shellv2.c:254:6:subfunct_IMU_Update	24	static
../shell/shellv2.c:268:6:subfunct_IMU_SelfTest	24	static
../shell/shellv2.c:284:6:subfunct_IMU_GET	64	static
../shell/shellv2.c:306:6:subfunct_MIAOU	16	static
../shell/shellv2.c:309:6:subfunct_clear	16	static
../shell/shellv2.c:317:6:debug	16	static
