../Core/Src/main.c:74:5:__io_putchar	16	static
../Core/Src/main.c:82:5:uart_transmit	16	static
../Core/Src/main.c:89:5:uart_it_transmit	16	static
../Core/Src/main.c:96:5:uart_dma_transmit	16	static
../Core/Src/main.c:103:5:uart_poll_receive	16	static
../Core/Src/main.c:110:5:uart_it_receive	16	static
../Core/Src/main.c:117:5:uart_dma_receive	16	static
../Core/Src/main.c:134:5:main	8	static
../Core/Src/main.c:204:6:SystemClock_Config	88	static
../Core/Src/main.c:258:6:HAL_TIM_PeriodElapsedCallback	16	static
../Core/Src/main.c:275:6:Error_Handler	4	static,ignoring_inline_asm
