../Drivers/STM32G4xx_HAL_Driver/Inc/stm32g4xx_ll_bus.h:243:22:LL_AHB1_GRP1_EnableClock	24	static
../Drivers/STM32G4xx_HAL_Driver/Inc/stm32g4xx_ll_bus.h:913:22:LL_APB1_GRP1_EnableClock	24	static
../Drivers/STM32G4xx_HAL_Driver/Inc/stm32g4xx_ll_ucpd.h:539:22:LL_UCPD_TypeCDetectionCC2Enable	16	static
../Drivers/STM32G4xx_HAL_Driver/Inc/stm32g4xx_ll_ucpd.h:550:22:LL_UCPD_TypeCDetectionCC2Disable	16	static
../Drivers/STM32G4xx_HAL_Driver/Inc/stm32g4xx_ll_ucpd.h:561:22:LL_UCPD_TypeCDetectionCC1Enable	16	static
../Drivers/STM32G4xx_HAL_Driver/Inc/stm32g4xx_ll_ucpd.h:572:22:LL_UCPD_TypeCDetectionCC1Disable	16	static
../Drivers/STM32G4xx_HAL_Driver/Inc/stm32g4xx_ll_ucpd.h:605:22:LL_UCPD_SignalFRSTX	16	static
../Drivers/STM32G4xx_HAL_Driver/Inc/stm32g4xx_ll_ucpd.h:643:22:LL_UCPD_SetccEnable	16	static
../Drivers/STM32G4xx_HAL_Driver/Inc/stm32g4xx_ll_ucpd.h:654:22:LL_UCPD_SetSNKRole	16	static
../Drivers/STM32G4xx_HAL_Driver/Inc/stm32g4xx_ll_ucpd.h:665:22:LL_UCPD_SetSRCRole	16	static
../Drivers/STM32G4xx_HAL_Driver/Inc/stm32g4xx_ll_ucpd.h:694:22:LL_UCPD_SetRpResistor	16	static
../Drivers/STM32G4xx_HAL_Driver/Inc/stm32g4xx_ll_ucpd.h:708:22:LL_UCPD_SetCCPin	16	static
../Drivers/STM32G4xx_HAL_Driver/Inc/stm32g4xx_ll_ucpd.h:719:22:LL_UCPD_RxEnable	16	static
../Drivers/STM32G4xx_HAL_Driver/Inc/stm32g4xx_ll_ucpd.h:730:22:LL_UCPD_RxDisable	16	static
../Drivers/STM32G4xx_HAL_Driver/Inc/stm32g4xx_ll_ucpd.h:1650:22:LL_UCPD_RxDMAEnable	16	static
../Middlewares/ST/STM32_USBPD_Library/Devices/STM32G4XX/src/usbpd_phy_hw_if.c:47:6:USBPD_HW_IF_GlobalHwInit	8	static
../Middlewares/ST/STM32_USBPD_Library/Devices/STM32G4XX/src/usbpd_phy_hw_if.c:155:6:USBPDM1_AssertRp	16	static
../Middlewares/ST/STM32_USBPD_Library/Devices/STM32G4XX/src/usbpd_phy_hw_if.c:192:6:USBPDM1_DeAssertRp	16	static
../Middlewares/ST/STM32_USBPD_Library/Devices/STM32G4XX/src/usbpd_phy_hw_if.c:203:6:USBPDM1_AssertRd	16	static
../Middlewares/ST/STM32_USBPD_Library/Devices/STM32G4XX/src/usbpd_phy_hw_if.c:237:6:USBPDM1_DeAssertRd	16	static
../Middlewares/ST/STM32_USBPD_Library/Devices/STM32G4XX/src/usbpd_phy_hw_if.c:248:6:USBPDM1_EnterErrorRecovery	16	static
../Middlewares/ST/STM32_USBPD_Library/Devices/STM32G4XX/src/usbpd_phy_hw_if.c:269:6:USBPDM1_Set_CC	16	static
../Middlewares/ST/STM32_USBPD_Library/Devices/STM32G4XX/src/usbpd_phy_hw_if.c:281:6:USBPDM1_RX_EnableInterrupt	16	static
../Middlewares/ST/STM32_USBPD_Library/Devices/STM32G4XX/src/usbpd_phy_hw_if.c:295:6:USBPD_HW_IF_EnableRX	16	static
../Middlewares/ST/STM32_USBPD_Library/Devices/STM32G4XX/src/usbpd_phy_hw_if.c:305:6:USBPD_HW_IF_DisableRX	16	static
../Middlewares/ST/STM32_USBPD_Library/Devices/STM32G4XX/src/usbpd_phy_hw_if.c:310:6:HW_SignalAttachement	16	static
../Middlewares/ST/STM32_USBPD_Library/Devices/STM32G4XX/src/usbpd_phy_hw_if.c:384:6:HW_SignalDetachment	16	static
../Middlewares/ST/STM32_USBPD_Library/Devices/STM32G4XX/src/usbpd_phy_hw_if.c:439:6:USBPD_HW_IF_SetResistor_SinkTxNG	16	static
../Middlewares/ST/STM32_USBPD_Library/Devices/STM32G4XX/src/usbpd_phy_hw_if.c:450:6:USBPD_HW_IF_SetResistor_SinkTxOK	16	static
../Middlewares/ST/STM32_USBPD_Library/Devices/STM32G4XX/src/usbpd_phy_hw_if.c:461:9:USBPD_HW_IF_IsResistor_SinkTxOk	16	static
../Middlewares/ST/STM32_USBPD_Library/Devices/STM32G4XX/src/usbpd_phy_hw_if.c:506:6:USBPD_HW_IF_FastRoleSwapSignalling	16	static
