../Core/Src/stm32g4xx_it.c:86:6:NMI_Handler	4	static
../Core/Src/stm32g4xx_it.c:101:6:HardFault_Handler	4	static
../Core/Src/stm32g4xx_it.c:116:6:MemManage_Handler	4	static
../Core/Src/stm32g4xx_it.c:131:6:BusFault_Handler	4	static
../Core/Src/stm32g4xx_it.c:146:6:UsageFault_Handler	4	static
../Core/Src/stm32g4xx_it.c:161:6:DebugMon_Handler	4	static
../Core/Src/stm32g4xx_it.c:181:6:DMA1_Channel1_IRQHandler	4	static
../Core/Src/stm32g4xx_it.c:195:6:DMA1_Channel2_IRQHandler	4	static
../Core/Src/stm32g4xx_it.c:209:6:DMA1_Channel3_IRQHandler	8	static
../Core/Src/stm32g4xx_it.c:223:6:DMA1_Channel4_IRQHandler	8	static
../Core/Src/stm32g4xx_it.c:237:6:DMA1_Channel5_IRQHandler	8	static
../Core/Src/stm32g4xx_it.c:251:6:ADC1_2_IRQHandler	8	static
../Core/Src/stm32g4xx_it.c:265:6:TIM1_BRK_TIM15_IRQHandler	8	static
../Core/Src/stm32g4xx_it.c:279:6:TIM1_UP_TIM16_IRQHandler	8	static
../Core/Src/stm32g4xx_it.c:293:6:TIM1_TRG_COM_TIM17_IRQHandler	8	static
../Core/Src/stm32g4xx_it.c:307:6:USART1_IRQHandler	8	static
../Core/Src/stm32g4xx_it.c:321:6:USART2_IRQHandler	8	static
../Core/Src/stm32g4xx_it.c:335:6:EXTI15_10_IRQHandler	24	static,ignoring_inline_asm
../Core/Src/stm32g4xx_it.c:387:6:UCPD1_IRQHandler	8	static
