../Core/Src/tim.c:34:6:MX_TIM2_Init	64	static
../Core/Src/tim.c:92:6:MX_TIM3_Init	48	static
../Core/Src/tim.c:140:6:MX_TIM4_Init	40	static
../Core/Src/tim.c:180:6:MX_TIM15_Init	40	static
../Core/Src/tim.c:221:6:MX_TIM16_Init	8	static
../Core/Src/tim.c:248:6:HAL_TIM_Base_MspInit	32	static
../Core/Src/tim.c:305:6:HAL_TIM_PWM_MspInit	24	static
../Core/Src/tim.c:320:6:HAL_TIM_MspPostInit	48	static
../Core/Src/tim.c:370:6:HAL_TIM_Base_MspDeInit	16	static
../Core/Src/tim.c:425:6:HAL_TIM_PWM_MspDeInit	16	static
